// Jest Snapshot v1, https://goo.gl/fbAQLP

exports[`renders Question Screen correctly 1`] = `null`;
