// Jest Snapshot v1, https://goo.gl/fbAQLP

exports[`renders Question Screen correctly 1`] = `
<View
  style={
    Object {
      "alignItems": "center",
      "backgroundColor": "#51AD28",
      "flexDirection": "row",
      "height": 40,
      "justifyContent": "space-between",
      "top": 0,
      "width": "100%",
    }
  }
>
  <View
    style={
      Object {
        "alignItems": "center",
        "justifyContent": "center",
        "marginLeft": 5,
      }
    }
  >
    <View
      accessible={true}
      focusable={false}
      onClick={[Function]}
      onResponderGrant={[Function]}
      onResponderMove={[Function]}
      onResponderRelease={[Function]}
      onResponderTerminate={[Function]}
      onResponderTerminationRequest={[Function]}
      onStartShouldSetResponder={[Function]}
      style={
        Object {
          "opacity": 1,
        }
      }
    >
      <Text
        allowFontScaling={false}
        style={
          Array [
            Object {
              "color": "white",
              "fontSize": 25,
            },
            undefined,
            Object {
              "fontFamily": "FontAwesome",
              "fontStyle": "normal",
              "fontWeight": "normal",
            },
            Object {},
          ]
        }
      >
        ï‚¨
      </Text>
    </View>
  </View>
  <View
    style={
      Object {
        "alignItems": "center",
        "justifyContent": "center",
      }
    }
  >
    <Text
      style={
        Object {
          "color": "white",
          "fontSize": 18,
        }
      }
    />
  </View>
  <View
    style={
      Object {
        "alignItems": "center",
        "justifyContent": "center",
        "marginLeft": 5,
      }
    }
  >
    <Text
      style={
        Object {
          "color": "white",
          "fontSize": 18,
        }
      }
    >
       
    </Text>
  </View>
</View>
`;
