// Jest Snapshot v1, https://goo.gl/fbAQLP

exports[`render SignupForm Component Correctly 1`] = `
<View>
  <View
    style={
      Object {
        "alignSelf": "center",
        "backgroundColor": "#dbdbdb",
        "borderRadius": 20,
        "flexDirection": "column",
        "height": 310,
        "marginBottom": "15%",
        "marginTop": "10%",
        "width": "100%",
      }
    }
  >
    <View>
      <View
        style={
          Object {
            "alignSelf": "center",
            "backgroundColor": "white",
            "borderRadius": 20,
            "flexDirection": "row",
            "height": 40,
            "marginTop": "10%",
            "paddingLeft": 10,
            "width": "84%",
          }
        }
      >
        <Text
          allowFontScaling={false}
          style={
            Array [
              Object {
                "color": undefined,
                "fontSize": 20,
              },
              Object {
                "alignSelf": "center",
                "color": "gray",
                "marginRight": 10,
              },
              Object {
                "fontFamily": "Ionicons",
                "fontStyle": "normal",
                "fontWeight": "normal",
              },
              Object {},
            ]
          }
        >
          
        </Text>
        <TextInput
          allowFontScaling={true}
          autoCapitalize="none"
          autoCorrect={false}
          onChangeText={[Function]}
          placeholder="example@gmail.com"
          placeholderTextColor="gray"
          rejectResponderTermination={true}
          style={
            Object {
              "color": "black",
              "flex": 1,
            }
          }
          underlineColorAndroid="transparent"
          value=""
        />
      </View>
      <View
        style={
          Object {
            "alignSelf": "center",
            "backgroundColor": "white",
            "borderRadius": 20,
            "flexDirection": "row",
            "height": 40,
            "marginTop": 20,
            "paddingLeft": 10,
            "width": "84%",
          }
        }
      >
        <Text
          allowFontScaling={false}
          style={
            Array [
              Object {
                "color": undefined,
                "fontSize": 20,
              },
              Object {
                "alignSelf": "center",
                "color": "gray",
                "marginRight": 10,
              },
              Object {
                "fontFamily": "Ionicons",
                "fontStyle": "normal",
                "fontWeight": "normal",
              },
              Object {},
            ]
          }
        >
          
        </Text>
        <TextInput
          allowFontScaling={true}
          autoCapitalize="none"
          autoCorrect={false}
          onChangeText={[Function]}
          placeholder="Full Name"
          placeholderTextColor="gray"
          rejectResponderTermination={true}
          style={
            Object {
              "color": "black",
              "flex": 1,
            }
          }
          underlineColorAndroid="transparent"
          value=""
        />
      </View>
      <View
        style={
          Object {
            "alignSelf": "center",
            "backgroundColor": "white",
            "borderRadius": 20,
            "flexDirection": "row",
            "height": 40,
            "marginTop": 20,
            "paddingLeft": 10,
            "width": "84%",
          }
        }
      >
        <Text
          allowFontScaling={false}
          style={
            Array [
              Object {
                "color": undefined,
                "fontSize": 20,
              },
              Object {
                "alignSelf": "center",
                "color": "gray",
                "marginRight": 10,
              },
              Object {
                "fontFamily": "Ionicons",
                "fontStyle": "normal",
                "fontWeight": "normal",
              },
              Object {},
            ]
          }
        >
          
        </Text>
        <TextInput
          allowFontScaling={true}
          autoCapitalize="none"
          autoCorrect={false}
          onChangeText={[Function]}
          placeholder="Password"
          placeholderTextColor="gray"
          rejectResponderTermination={true}
          secureTextEntry={true}
          style={
            Object {
              "color": "black",
              "flex": 1,
            }
          }
          underlineColorAndroid="transparent"
          value=""
        />
      </View>
      <View
        style={
          Object {
            "alignSelf": "center",
            "backgroundColor": "white",
            "borderRadius": 20,
            "flexDirection": "row",
            "height": 40,
            "marginTop": 20,
            "paddingLeft": 10,
            "width": "84%",
          }
        }
      >
        <Text
          allowFontScaling={false}
          style={
            Array [
              Object {
                "color": undefined,
                "fontSize": 20,
              },
              Object {
                "alignSelf": "center",
                "color": "gray",
                "marginRight": 10,
              },
              Object {
                "fontFamily": "Ionicons",
                "fontStyle": "normal",
                "fontWeight": "normal",
              },
              Object {},
            ]
          }
        >
          
        </Text>
        <TextInput
          allowFontScaling={true}
          autoCapitalize="none"
          autoCorrect={false}
          onChangeText={[Function]}
          placeholder="Re-Password"
          placeholderTextColor="gray"
          rejectResponderTermination={true}
          secureTextEntry={true}
          style={
            Object {
              "color": "black",
              "flex": 1,
            }
          }
          underlineColorAndroid="transparent"
          value=""
        />
      </View>
    </View>
    <View
      style={
        Object {
          "alignItems": "center",
          "height": 100,
          "left": 15,
          "marginTop": "28%",
          "position": "absolute",
          "top": 200,
          "width": 270,
          "zIndex": 2,
        }
      }
    >
      <View
        accessible={true}
        focusable={true}
        onClick={[Function]}
        onResponderGrant={[Function]}
        onResponderMove={[Function]}
        onResponderRelease={[Function]}
        onResponderTerminate={[Function]}
        onResponderTerminationRequest={[Function]}
        onStartShouldSetResponder={[Function]}
        style={
          Object {
            "backgroundColor": "#51AD28",
            "borderRadius": 25,
            "height": "45%",
            "justifyContent": "flex-end",
            "opacity": 1,
            "width": "70%",
          }
        }
      >
        <Text
          style={
            Object {
              "alignSelf": "center",
              "color": "#d4d4d4",
              "flex": 1,
              "fontSize": 20,
              "fontWeight": "800",
              "marginTop": 12,
            }
          }
        >
          SIGNUP
        </Text>
      </View>
    </View>
  </View>
</View>
`;
